// Jest Snapshot v1, https://goo.gl/fbAQLP

exports[`TotalDisbursements Component should render without throwing an error 1`] = `undefined`;
